2026-09-23 03:53:04,304 | INFO | Starting NSE screener run for 2026-09-23 on 20 stocks
2026-09-23 03:53:14,068 | INFO | Full results saved to /home/runner/work/screener-v2/screener-v2/results/screener_2026-09-23.csv
2026-09-23 03:53:14,069 | INFO | Dashboard data written to /home/runner/work/screener-v2/screener-v2/results/data.json
2026-09-23 03:53:14,070 | INFO | Live site data written to /home/runner/work/screener-v2/screener-v2/docs/data.json
2026-09-23 03:53:14,071 | INFO | No stocks crossed the alert threshold (75.0) today.
2026-09-23 03:53:14,071 | INFO | 
======================================================================
TOP 10 BY SCORE - 2026-09-23
======================================================================
2026-09-23 03:53:14,071 | INFO | ITC LTD              (ITC.NS         ) | Score:  66.64 | P/E:   16.9 | P/B:  4.60 | ROE: 0.16101499 | 1M mom:  -1.95% | From 52wH: -34.55%
2026-09-23 03:53:14,072 | INFO | KOTAK MAHINDRA BANK LTD (KOTAKBANK.NS   ) | Score:  66.07 | P/E:   20.4 | P/B:  2.28 | ROE: 0.16101499 | 1M mom:   3.55% | From 52wH:  -8.08%
2026-09-23 03:53:14,072 | INFO | NTPC LTD             (NTPC.NS        ) | Score:  65.73 | P/E:   10.0 | P/B:  1.57 | ROE: 0.16101499 | 1M mom:  -2.41% | From 52wH: -19.97%
2026-09-23 03:53:14,072 | INFO | TATA CONSULTANCY SERV LT (TCS.NS         ) | Score:  64.88 | P/E:   15.4 | P/B:  6.90 | ROE: 0.47743 | 1M mom:  -8.88% | From 52wH: -36.35%
2026-09-23 03:53:14,072 | INFO | AXIS BANK LIMITED    (AXISBANK.NS    ) | Score:  62.94 | P/E:   14.0 | P/B:  1.74 | ROE: 0.13352999 | 1M mom:   0.90% | From 52wH: -12.07%
2026-09-23 03:53:14,072 | INFO | HDFC BANK LTD        (HDFCBANK.NS    ) | Score:  62.14 | P/E:   16.2 | P/B:  1.88 | ROE: 0.13838 | 1M mom:   1.53% | From 52wH: -26.43%
2026-09-23 03:53:14,072 | INFO | INFOSYS LIMITED      (INFY.NS        ) | Score:  62.10 | P/E:   13.3 | P/B:  4.49 | ROE: 0.32 | 1M mom: -10.50% | From 52wH: -39.46%
2026-09-23 03:53:14,073 | INFO | STATE BANK OF INDIA  (SBIN.NS        ) | Score:  61.11 | P/E:   10.6 | P/B:  1.47 | ROE: 0.15177 | 1M mom:  -5.52% | From 52wH: -18.37%
2026-09-23 03:53:14,073 | INFO | ICICI BANK LTD.      (ICICIBANK.NS   ) | Score:  60.15 | P/E:   17.3 | P/B:  2.53 | ROE: 0.16073999 | 1M mom:  -5.76% | From 52wH:  -8.64%
2026-09-23 03:53:14,073 | INFO | WIPRO LTD            (WIPRO.NS       ) | Score:  58.95 | P/E:   13.0 | P/B:  2.10 | ROE: 0.16128999 | 1M mom:  -8.46% | From 52wH: -37.37%
2026-09-23 03:53:14,073 | INFO | 
Disclaimer: Educational/research tool only, not investment advice. Verify all data independently before trading.
