2026-09-15 03:54:58,268 | INFO | Starting NSE screener run for 2026-09-15 on 20 stocks
2026-09-15 03:55:08,825 | INFO | Full results saved to /home/runner/work/screener-v2/screener-v2/results/screener_2026-09-15.csv
2026-09-15 03:55:08,826 | INFO | Dashboard data written to /home/runner/work/screener-v2/screener-v2/results/data.json
2026-09-15 03:55:08,826 | INFO | Live site data written to /home/runner/work/screener-v2/screener-v2/docs/data.json
2026-09-15 03:55:08,827 | INFO | No stocks crossed the alert threshold (75.0) today.
2026-09-15 03:55:08,827 | INFO | 
======================================================================
TOP 10 BY SCORE - 2026-09-15
======================================================================
2026-09-15 03:55:08,827 | INFO | TATA CONSULTANCY SERV LT (TCS.NS         ) | Score:  69.65 | P/E:   16.8 | P/B:  7.63 | ROE: 0.47743 | 1M mom:  -2.11% | From 52wH: -29.69%
2026-09-15 03:55:08,827 | INFO | KOTAK MAHINDRA BANK LTD (KOTAKBANK.NS   ) | Score:  65.64 | P/E:   20.2 | P/B:  2.27 | ROE: 0.16101499 | 1M mom:   5.53% | From 52wH:  -8.76%
2026-09-15 03:55:08,827 | INFO | NTPC LTD             (NTPC.NS        ) | Score:  64.32 | P/E:   10.1 | P/B:  1.57 | ROE: 0.16101499 | 1M mom:  -1.95% | From 52wH: -19.56%
2026-09-15 03:55:08,827 | INFO | INFOSYS LIMITED      (INFY.NS        ) | Score:  64.31 | P/E:   14.2 | P/B:  4.88 | ROE: 0.32 | 1M mom:  -6.34% | From 52wH: -35.25%
2026-09-15 03:55:08,827 | INFO | ICICI BANK LTD.      (ICICIBANK.NS   ) | Score:  61.70 | P/E:   17.7 | P/B:  2.58 | ROE: 0.16073999 | 1M mom:  -3.35% | From 52wH:  -6.69%
2026-09-15 03:55:08,827 | INFO | AXIS BANK LIMITED    (AXISBANK.NS    ) | Score:  61.60 | P/E:   14.0 | P/B:  1.73 | ROE: 0.13352999 | 1M mom:   1.53% | From 52wH: -12.47%
2026-09-15 03:55:08,827 | INFO | ITC LTD              (ITC.NS         ) | Score:  61.30 | P/E:   16.6 | P/B:  4.55 | ROE: 0.16101499 | 1M mom:  -5.32% | From 52wH: -35.21%
2026-09-15 03:55:08,827 | INFO | WIPRO LTD            (WIPRO.NS       ) | Score:  59.05 | P/E:   13.7 | P/B:  2.20 | ROE: 0.16128999 | 1M mom:  -6.22% | From 52wH: -34.45%
2026-09-15 03:55:08,827 | INFO | STATE BANK OF INDIA  (SBIN.NS        ) | Score:  58.31 | P/E:   10.6 | P/B:  1.47 | ROE: 0.15177 | 1M mom:  -7.14% | From 52wH: -18.25%
2026-09-15 03:55:08,827 | INFO | HDFC BANK LTD        (HDFCBANK.NS    ) | Score:  57.75 | P/E:   15.8 | P/B:  1.84 | ROE: 0.13838 | 1M mom:  -0.41% | From 52wH: -27.88%
2026-09-15 03:55:08,827 | INFO | 
Disclaimer: Educational/research tool only, not investment advice. Verify all data independently before trading.
