2026-09-14 03:54:36,593 | INFO | Starting NSE screener run for 2026-09-14 on 20 stocks
2026-09-14 03:54:43,653 | INFO | Full results saved to /home/runner/work/screener-v2/screener-v2/results/screener_2026-09-14.csv
2026-09-14 03:54:43,654 | INFO | Dashboard data written to /home/runner/work/screener-v2/screener-v2/results/data.json
2026-09-14 03:54:43,655 | INFO | Live site data written to /home/runner/work/screener-v2/screener-v2/docs/data.json
2026-09-14 03:54:43,656 | INFO | No stocks crossed the alert threshold (75.0) today.
2026-09-14 03:54:43,656 | INFO | 
======================================================================
TOP 10 BY SCORE - 2026-09-14
======================================================================
2026-09-14 03:54:43,656 | INFO | TATA CONSULTANCY SERV LT (TCS.NS         ) | Score:  66.40 | P/E:   16.0 | P/B:  7.26 | ROE: 0.47743 | 1M mom:  -7.33% | From 52wH: -33.05%
2026-09-14 03:54:43,657 | INFO | KOTAK MAHINDRA BANK LTD (KOTAKBANK.NS   ) | Score:  65.87 | P/E:   20.5 | P/B:  2.30 | ROE: 0.16101499 | 1M mom:   6.78% | From 52wH:  -7.39%
2026-09-14 03:54:43,657 | INFO | NTPC LTD             (NTPC.NS        ) | Score:  64.87 | P/E:   10.2 | P/B:  1.59 | ROE: 0.16101499 | 1M mom:  -2.11% | From 52wH: -18.68%
2026-09-14 03:54:43,657 | INFO | ICICI BANK LTD.      (ICICIBANK.NS   ) | Score:  62.70 | P/E:   17.8 | P/B:  2.60 | ROE: 0.16073999 | 1M mom:  -1.95% | From 52wH:  -6.02%
2026-09-14 03:54:43,657 | INFO | ITC LTD              (ITC.NS         ) | Score:  61.79 | P/E:   16.4 | P/B:  4.49 | ROE: 0.16101499 | 1M mom:  -6.70% | From 52wH: -36.09%
2026-09-14 03:54:43,657 | INFO | INFOSYS LIMITED      (INFY.NS        ) | Score:  61.63 | P/E:   13.5 | P/B:  4.59 | ROE: 0.32 | 1M mom: -11.69% | From 52wH: -38.65%
2026-09-14 03:54:43,657 | INFO | AXIS BANK LIMITED    (AXISBANK.NS    ) | Score:  61.18 | P/E:   14.0 | P/B:  1.74 | ROE: 0.13352999 | 1M mom:   1.30% | From 52wH: -12.08%
2026-09-14 03:54:43,657 | INFO | STATE BANK OF INDIA  (SBIN.NS        ) | Score:  58.72 | P/E:   10.6 | P/B:  1.48 | ROE: 0.15177 | 1M mom:  -8.06% | From 52wH: -17.90%
2026-09-14 03:54:43,658 | INFO | WIPRO LTD            (WIPRO.NS       ) | Score:  58.60 | P/E:   13.3 | P/B:  2.14 | ROE: 0.16128999 | 1M mom:  -8.57% | From 52wH: -36.40%
2026-09-14 03:54:43,658 | INFO | HDFC BANK LTD        (HDFCBANK.NS    ) | Score:  56.70 | P/E:   15.5 | P/B:  1.80 | ROE: 0.13838 | 1M mom:  -2.31% | From 52wH: -29.45%
2026-09-14 03:54:43,658 | INFO | 
Disclaimer: Educational/research tool only, not investment advice. Verify all data independently before trading.
