2026-09-22 03:52:46,255 | INFO | Starting NSE screener run for 2026-09-22 on 20 stocks
2026-09-22 03:52:54,124 | INFO | Full results saved to /home/runner/work/screener-v2/screener-v2/results/screener_2026-09-22.csv
2026-09-22 03:52:54,126 | INFO | Dashboard data written to /home/runner/work/screener-v2/screener-v2/results/data.json
2026-09-22 03:52:54,126 | INFO | Live site data written to /home/runner/work/screener-v2/screener-v2/docs/data.json
2026-09-22 03:52:54,127 | INFO | No stocks crossed the alert threshold (75.0) today.
2026-09-22 03:52:54,127 | INFO | 
======================================================================
TOP 10 BY SCORE - 2026-09-22
======================================================================
2026-09-22 03:52:54,128 | INFO | ITC LTD              (ITC.NS         ) | Score:  67.66 | P/E:   16.9 | P/B:  4.62 | ROE: 0.16101499 | 1M mom:  -0.78% | From 52wH: -34.25%
2026-09-22 03:52:54,128 | INFO | KOTAK MAHINDRA BANK LTD (KOTAKBANK.NS   ) | Score:  66.30 | P/E:   20.3 | P/B:  2.28 | ROE: 0.16101499 | 1M mom:   3.14% | From 52wH:  -8.17%
2026-09-22 03:52:54,128 | INFO | TATA CONSULTANCY SERV LT (TCS.NS         ) | Score:  65.14 | P/E:   15.4 | P/B:  6.99 | ROE: 0.47743 | 1M mom:  -7.96% | From 52wH: -35.54%
2026-09-22 03:52:54,128 | INFO | NTPC LTD             (NTPC.NS        ) | Score:  65.12 | P/E:   10.0 | P/B:  1.56 | ROE: 0.16101499 | 1M mom:  -2.86% | From 52wH: -20.30%
2026-09-22 03:52:54,129 | INFO | HDFC BANK LTD        (HDFCBANK.NS    ) | Score:  63.65 | P/E:   16.3 | P/B:  1.89 | ROE: 0.13838 | 1M mom:   2.65% | From 52wH: -25.67%
2026-09-22 03:52:54,129 | INFO | INFOSYS LIMITED      (INFY.NS        ) | Score:  63.38 | P/E:   13.2 | P/B:  4.53 | ROE: 0.32 | 1M mom:  -7.96% | From 52wH: -39.00%
2026-09-22 03:52:54,129 | INFO | AXIS BANK LIMITED    (AXISBANK.NS    ) | Score:  62.71 | P/E:   14.0 | P/B:  1.74 | ROE: 0.13352999 | 1M mom:   0.20% | From 52wH: -11.92%
2026-09-22 03:52:54,129 | INFO | STATE BANK OF INDIA  (SBIN.NS        ) | Score:  61.50 | P/E:   10.7 | P/B:  1.48 | ROE: 0.15177 | 1M mom:  -4.98% | From 52wH: -17.84%
2026-09-22 03:52:54,129 | INFO | ICICI BANK LTD.      (ICICIBANK.NS   ) | Score:  60.48 | P/E:   17.4 | P/B:  2.53 | ROE: 0.16073999 | 1M mom:  -5.35% | From 52wH:  -8.42%
2026-09-22 03:52:54,129 | INFO | WIPRO LTD            (WIPRO.NS       ) | Score:  57.06 | P/E:   13.0 | P/B:  2.10 | ROE: 0.16128999 | 1M mom:  -9.14% | From 52wH: -37.59%
2026-09-22 03:52:54,129 | INFO | 
Disclaimer: Educational/research tool only, not investment advice. Verify all data independently before trading.
