2026-10-08 03:57:55,531 | INFO | Starting NSE screener run for 2026-10-08 on 20 stocks
2026-10-08 03:58:07,732 | INFO | Full results saved to /home/runner/work/screener-v2/screener-v2/results/screener_2026-10-08.csv
2026-10-08 03:58:07,733 | INFO | Dashboard data written to /home/runner/work/screener-v2/screener-v2/results/data.json
2026-10-08 03:58:07,734 | INFO | Live site data written to /home/runner/work/screener-v2/screener-v2/docs/data.json
2026-10-08 03:58:07,735 | INFO | No stocks crossed the alert threshold (75.0) today.
2026-10-08 03:58:07,735 | INFO | 
======================================================================
TOP 10 BY SCORE - 2026-10-08
======================================================================
2026-10-08 03:58:07,735 | INFO | TATA CONSULTANCY SERV LT (TCS.NS         ) | Score:  69.37 | P/E:   15.5 | P/B:  7.02 | ROE: 0.47743 | 1M mom:  -3.61% | From 52wH: -35.26%
2026-10-08 03:58:07,736 | INFO | INFOSYS LIMITED      (INFY.NS        ) | Score:  68.21 | P/E:   14.0 | P/B:  4.39 | ROE: 0.32 | 1M mom:  -3.00% | From 52wH: -40.64%
2026-10-08 03:58:07,736 | INFO | KOTAK MAHINDRA BANK LTD (KOTAKBANK.NS   ) | Score:  66.43 | P/E:   21.1 | P/B:  2.41 | ROE: 0.16101499 | 1M mom:   5.91% | From 52wH:  -3.09%
2026-10-08 03:58:07,736 | INFO | ITC LTD              (ITC.NS         ) | Score:  66.24 | P/E:   16.4 | P/B:  4.47 | ROE: 0.16101499 | 1M mom:  -0.86% | From 52wH: -36.41%
2026-10-08 03:58:07,736 | INFO | WIPRO LTD            (WIPRO.NS       ) | Score:  62.91 | P/E:   13.0 | P/B:  2.05 | ROE: 0.16128999 | 1M mom:  -3.71% | From 52wH: -38.91%
2026-10-08 03:58:07,736 | INFO | ICICI BANK LTD.      (ICICIBANK.NS   ) | Score:  61.69 | P/E:   17.4 | P/B:  2.54 | ROE: 0.16073999 | 1M mom:  -2.90% | From 52wH:  -8.10%
2026-10-08 03:58:07,736 | INFO | NTPC LTD             (NTPC.NS        ) | Score:  61.50 | P/E:   11.0 | P/B:  1.50 | ROE: 0.16101499 | 1M mom:  -6.07% | From 52wH: -23.36%
2026-10-08 03:58:07,737 | INFO | AXIS BANK LIMITED    (AXISBANK.NS    ) | Score:  60.55 | P/E:   13.9 | P/B:  1.73 | ROE: 0.13352999 | 1M mom:  -0.04% | From 52wH: -12.65%
2026-10-08 03:58:07,737 | INFO | STATE BANK OF INDIA  (SBIN.NS        ) | Score:  60.46 | P/E:   10.2 | P/B:  1.41 | ROE: 0.15177 | 1M mom:  -5.33% | From 52wH: -21.90%
2026-10-08 03:58:07,737 | INFO | HDFC BANK LTD        (HDFCBANK.NS    ) | Score:  59.99 | P/E:   15.5 | P/B:  1.77 | ROE: 0.13838 | 1M mom:   1.73% | From 52wH: -30.37%
2026-10-08 03:58:07,737 | INFO | 
Disclaimer: Educational/research tool only, not investment advice. Verify all data independently before trading.
