2026-09-17 03:53:43,234 | INFO | Starting NSE screener run for 2026-09-17 on 20 stocks
2026-09-17 03:53:49,407 | INFO | Full results saved to /home/runner/work/screener-v2/screener-v2/results/screener_2026-09-17.csv
2026-09-17 03:53:49,409 | INFO | Dashboard data written to /home/runner/work/screener-v2/screener-v2/results/data.json
2026-09-17 03:53:49,409 | INFO | Live site data written to /home/runner/work/screener-v2/screener-v2/docs/data.json
2026-09-17 03:53:49,410 | INFO | No stocks crossed the alert threshold (75.0) today.
2026-09-17 03:53:49,410 | INFO | 
======================================================================
TOP 10 BY SCORE - 2026-09-17
======================================================================
2026-09-17 03:53:49,411 | INFO | TATA CONSULTANCY SERV LT (TCS.NS         ) | Score:  66.48 | P/E:   16.2 | P/B:  7.15 | ROE: 0.47743 | 1M mom:  -5.32% | From 52wH: -34.07%
2026-09-17 03:53:49,411 | INFO | KOTAK MAHINDRA BANK LTD (KOTAKBANK.NS   ) | Score:  66.29 | P/E:   20.1 | P/B:  2.28 | ROE: 0.16101499 | 1M mom:   6.50% | From 52wH:  -8.14%
2026-09-17 03:53:49,411 | INFO | ITC LTD              (ITC.NS         ) | Score:  65.71 | P/E:   16.7 | P/B:  4.58 | ROE: 0.16101499 | 1M mom:  -0.66% | From 52wH: -34.75%
2026-09-17 03:53:49,411 | INFO | NTPC LTD             (NTPC.NS        ) | Score:  64.75 | P/E:   10.1 | P/B:  1.57 | ROE: 0.16101499 | 1M mom:  -1.38% | From 52wH: -19.91%
2026-09-17 03:53:49,411 | INFO | INFOSYS LIMITED      (INFY.NS        ) | Score:  64.22 | P/E:   13.9 | P/B:  4.66 | ROE: 0.32 | 1M mom:  -6.07% | From 52wH: -37.81%
2026-09-17 03:53:49,412 | INFO | ICICI BANK LTD.      (ICICIBANK.NS   ) | Score:  61.62 | P/E:   17.4 | P/B:  2.55 | ROE: 0.16073999 | 1M mom:  -3.35% | From 52wH:  -7.67%
2026-09-17 03:53:49,412 | INFO | AXIS BANK LIMITED    (AXISBANK.NS    ) | Score:  60.52 | P/E:   13.8 | P/B:  1.73 | ROE: 0.13352999 | 1M mom:  -0.10% | From 52wH: -12.38%
2026-09-17 03:53:49,412 | INFO | STATE BANK OF INDIA  (SBIN.NS        ) | Score:  60.43 | P/E:   10.6 | P/B:  1.47 | ROE: 0.15177 | 1M mom:  -5.38% | From 52wH: -18.19%
2026-09-17 03:53:49,412 | INFO | WIPRO LTD            (WIPRO.NS       ) | Score:  57.70 | P/E:   13.4 | P/B:  2.11 | ROE: 0.16128999 | 1M mom:  -7.85% | From 52wH: -37.14%
2026-09-17 03:53:49,412 | INFO | HDFC BANK LTD        (HDFCBANK.NS    ) | Score:  57.59 | P/E:   15.5 | P/B:  1.81 | ROE: 0.13838 | 1M mom:  -0.76% | From 52wH: -28.83%
2026-09-17 03:53:49,412 | INFO | 
Disclaimer: Educational/research tool only, not investment advice. Verify all data independently before trading.
